TRUE
FuzzyCLIPS> (batch "drtest10.bat")
TRUE
FuzzyCLIPS> (clear)                   ; DR0793
FuzzyCLIPS> (load bug793.clp)
###!!
TRUE
FuzzyCLIPS> (BEeditInit streamout)
TRUE
FuzzyCLIPS> (BECPMIn bug793.ins)
24
FuzzyCLIPS> (clear)                   ; DR0795
FuzzyCLIPS> 
(defrule rule-1
  (blah $?y)
  =>
  (progn$ (?x ?y) (printout t ?x)))
FuzzyCLIPS> (ppdefrule rule-1)
(defrule MAIN::rule-1
   (blah $?y)
   =>
   (progn$ (?x ?y) 
      (printout t ?x)))
FuzzyCLIPS> (clear)                   ; DR0798
FuzzyCLIPS> (reset)
FuzzyCLIPS> (assert (a))
<Fact-1>
FuzzyCLIPS> (assert (b))
<Fact-2>
FuzzyCLIPS> (defrule t1 (b) (a) =>)
FuzzyCLIPS> (defrule t2 (a) (or (b) (b)) =>)
FuzzyCLIPS> (agenda)
0      t2: f-1,f-2
0      t2: f-1,f-2
0      t1: f-2,f-1
For a total of 3 activations.
FuzzyCLIPS> (clear)                   ; DR0801
FuzzyCLIPS> (setgen 1)
1
FuzzyCLIPS> (unwatch all)
FuzzyCLIPS> (watch instances)
FuzzyCLIPS> (watch activations)
FuzzyCLIPS> (watch rules)
FuzzyCLIPS> 
(defclass A (is-a USER)
  (role concrete)
  (pattern-match reactive)
  (slot match (default yes) (create-accessor read-write))
  (slot container (create-accessor read-write)))
FuzzyCLIPS>   
(defmessage-handler A delete before ()
  (if (instance-existp ?self:container) then
     (unmake-instance ?self:container)))
FuzzyCLIPS>      
(defrule A-rule
  (logical ?obj <- (object (is-a A) (match yes)))
=>
  (send ?obj put-container 
      (make-instance of A (match no)
                          (container (make-instance of INITIAL-OBJECT))))
  (send ?obj put-match no))
FuzzyCLIPS> (make-instance a of A)
==> instance [a] of A
==> Activation 0      A-rule: [a]
[a]
FuzzyCLIPS> (run)
FIRE    1 A-rule: [a]
==> instance [gen1] of A
==> instance [gen2] of INITIAL-OBJECT
<== instance [gen2] of INITIAL-OBJECT
<== instance [gen1] of A
FuzzyCLIPS> (unwatch all)
FuzzyCLIPS> (clear)                   ; DR0802
FuzzyCLIPS> 
(defclass A (is-a USER)
  (role concrete)
  (slot foo (default bar)))
FuzzyCLIPS>   
(defmessage-handler A delete after ()
  (printout t ?self:foo crlf))
FuzzyCLIPS> (unmake-instance (make-instance of A))
[INSFUN4] Invalid instance-address in function for slot get.
[PRCCODE4] Execution halted during the actions of message-handler delete after in class A
TRUE
FuzzyCLIPS> (clear)                   ; DR0803
FuzzyCLIPS> 
(defclass A
   (is-a USER)
  (role concrete)
  (pattern-match reactive)
  (multislot data
    (create-accessor read-write)))
FuzzyCLIPS>     
(defrule rule1
  (object (is-a A) (data 0 ?x))
  (object (is-a A) (data 1 ?x))
  =>
  (printout t ?x crlf))
FuzzyCLIPS> 
(definstances objects
  (a of A (data 0 0))
  (b of A (data 1 0))
  (c of A (data 1 1)))
FuzzyCLIPS> (reset)
FuzzyCLIPS> (agenda)
0      rule1: [a],[b]
For a total of 1 activation.
FuzzyCLIPS> (clear)                   ; DR0804
FuzzyCLIPS> 
(deffunction imfi (?cv)
   (bind ?position 3)
   (while TRUE do
     (bind ?nv (+ (nth$ ?position ?cv) 1))
     (if (<= ?nv 9)
        then 
        (return (replace$ ?cv ?position ?position ?nv)))
     (bind ?cv (replace$ ?cv ?position ?position 1))
     (bind ?position (- ?position 1))
     (if (< ?position 1) then (return FALSE))))
FuzzyCLIPS>  
(deffunction optimize ()
   (bind ?current-settings (create$ 1 1 1))
   (while (neq ?current-settings FALSE)
      (bind ?current-settings (imfi ?current-settings))))
FuzzyCLIPS> (reset)
FuzzyCLIPS> (optimize)
FALSE
FuzzyCLIPS> (clear)                   ; DR0805
FuzzyCLIPS> (setgen 1)
1
FuzzyCLIPS> 
(defclass A
   (is-a USER)
   (role concrete)
   (pattern-match reactive)
   (multislot data
      (create-accessor read-write)))
FuzzyCLIPS> 
(defrule rule1
   (object (is-a A) (data ? red ?x&green))
   (object (is-a A) (data ? red ?x))
   =>)
FuzzyCLIPS> (make-instance of A (data orange red green))
[gen1]
FuzzyCLIPS> (matches rule1)
Matches for Pattern 1
[gen1]
Matches for Pattern 2
[gen1]
Partial matches for CEs 1 - 2
[gen1],[gen1]
Activations
[gen1],[gen1]
FuzzyCLIPS> (clear)                   ; DR0806
FuzzyCLIPS> (setgen 1)
1
FuzzyCLIPS> 
(defclass A (is-a INITIAL-OBJECT)
   (multislot foo))
FuzzyCLIPS> 
(defclass B (is-a A)
   (slot foo))
FuzzyCLIPS> 
(defrule AB
   (object (is-a A) (foo ?val))
   =>
   (printout t ?val crlf))
FuzzyCLIPS> (make-instance of B)
[gen1]
FuzzyCLIPS> (run)
nil
FuzzyCLIPS> (clear)                   ; DR0807
FuzzyCLIPS> (insert$ (rest$ (create$ abc def)) 2 ghi)
(def ghi)
FuzzyCLIPS> (clear)                   ; DR0808
FuzzyCLIPS> (assert (m))
<Fact-0>
FuzzyCLIPS> (assert (a))
<Fact-1>
FuzzyCLIPS> (defrule r1 (m) (not (a)) =>)
FuzzyCLIPS> (defrule r2 (m) (not (a)) (not (b)) =>)
FuzzyCLIPS> (agenda)
FuzzyCLIPS> (clear)                   ; DR0809
FuzzyCLIPS> (deffunction pins () (ppinstance))
FuzzyCLIPS> (defmessage-handler USER pins () (pins))
FuzzyCLIPS> (defclass A (is-a USER) (role concrete))
FuzzyCLIPS> (make-instance a of A)
[a]
FuzzyCLIPS> (send [a] pins)
[MSGFUN4] ppinstance may only be called from within message-handlers.
[PRCCODE4] Execution halted during the actions of deffunction pins.
[PRCCODE4] Execution halted during the actions of message-handler pins primary in class USER
FALSE
FuzzyCLIPS> (clear)                   ; DR0810
FuzzyCLIPS> (deffunction MAIN::foo
   (?garbage)
   (setgen 1)
   (loop-for-count ?garbage
      (make-instance of INITIAL-OBJECT))
   (delayed-do-for-all-instances ((?ins INITIAL-OBJECT))
      TRUE
      (progn
         (unmake-instance *)
         (return (gensym*)))))
FuzzyCLIPS> (foo 100)
gen101
FuzzyCLIPS> (foo 500)
gen501
FuzzyCLIPS> (clear)                   ; DR0813
FuzzyCLIPS> 
(defclass A (is-a INITIAL-OBJECT)
   (multislot foo (create-accessor read-write)))
FuzzyCLIPS> 
(defrule A
   (fact ?v)
   (not (object (is-a A) (foo $? ?v $?)))
=>)
FuzzyCLIPS> (assert (fact a))
<Fact-0>
FuzzyCLIPS> (make-instance a of A (foo a b c))
[a]
FuzzyCLIPS> (make-instance b of A (foo a b c))
[b]
FuzzyCLIPS> 
(object-pattern-match-delay
   (modify-instance a (foo q))
   (modify-instance b (foo q)))
TRUE
FuzzyCLIPS> (clear)                   ; DR0815
FuzzyCLIPS> 
(defclass grammy (is-a USER)
    (role concrete)
    (pattern-match reactive)
    (multislot  text
    (create-accessor write)
    (type SYMBOL)))
FuzzyCLIPS> 
(defmessage-handler grammy print before ()
    (printout t crlf)
    (printout t "******  starting to print   ****"  ?self crlf))
FuzzyCLIPS> 
(defmessage-handler grammy print after ()
    (printout t "******  starting to print   ****"  ?self crlf)
    (printout t crlf))
FuzzyCLIPS> 
(deffunction resize (?xlist)
   (if (= (length$ ?xlist)  0)
     then
     (printout t "got to here !!! "  crlf)
     (return)
     else
     (make-instance (gensym) of grammy
         (text (subseq$ ?xlist 1 9))))
     (resize (subseq$ ?xlist 10 (length$ ?xlist))))
FuzzyCLIPS> 
(deffunction ask ()
   (do-for-all-instances ((?tag grammy)) (instancep ?tag)
      (send ?tag print)))
FuzzyCLIPS> 
(defrule commence  "make it happen"
   =>
   (resize (create$ a b c d e f g h i j k l m n)))
FuzzyCLIPS> (reset)
FuzzyCLIPS> (run)
got to here !!! 
FuzzyCLIPS> (clear)                   ; DR0816
FuzzyCLIPS> 
(defclass A
	  (is-a USER)
	  (role concrete)
	  (slot str
	    (create-accessor read-write)
	    (type STRING))
	  (slot length
	    (create-accessor read-write)
	    (type INTEGER)))
FuzzyCLIPS> 
(defmessage-handler A put-str after (?value)
   (bind ?self:length 3))
FuzzyCLIPS> (make-instance a of A (str 4))
[a]
FuzzyCLIPS> (send [a] get-length)
3
FuzzyCLIPS> (clear)                   ; DR0817
FuzzyCLIPS> 
(deftemplate status 
   (slot search-depth)
   (slot parent))
FuzzyCLIPS> 
(defrule move-alone 
  ?node <- (status)
  =>
  (duplicate ?node (search-depth =(+ 1 3))
                   (parent ?node)))
FuzzyCLIPS> (ppdefrule move-alone) 
(defrule MAIN::move-alone
   ?node <- (status)
   =>
   (duplicate ?node (search-depth =(+ 1 3)) (parent ?node)))
FuzzyCLIPS>  
(deftemplate dbdata
  (multislot values))
FuzzyCLIPS>  
(defrule bug1
  =>
  (assert (dbdata (values (create$ 1 2)))))
FuzzyCLIPS> (ppdefrule bug1)
(defrule MAIN::bug1
   =>
   (assert (dbdata (values (create$ 1 2)))))
FuzzyCLIPS>  
(defrule bug2
  =>
  (assert (dbdata (values (create$ 1 2) (create$ 3 4)))))
FuzzyCLIPS> (ppdefrule bug2)    
(defrule MAIN::bug2
   =>
   (assert (dbdata (values (create$ 1 2) (create$ 3 4)))))
FuzzyCLIPS>  
(deftemplate foo 
   (field x) 
   (multifield y))
FuzzyCLIPS>  
(deffacts d5 (foo (y a)))
FuzzyCLIPS> (ppdeffacts d5)
(deffacts MAIN::d5
   (foo (y a)))
FuzzyCLIPS> (deffacts d6 (foo (y a b)) (b) (foo (x 3)) (d))
FuzzyCLIPS> (ppdeffacts d6)
(deffacts MAIN::d6
   (foo (y a b))
   (b)
   (foo (x 3))
   (d))
FuzzyCLIPS> (clear)                   ; DR0818
FuzzyCLIPS> (defmodule A (export ?ALL))
FuzzyCLIPS> (defgeneric A::foo)
FuzzyCLIPS> (defmethod A::foo ((?arg NUMBER)))
FuzzyCLIPS> (defmodule B (import A ?ALL))
FuzzyCLIPS> (defclass B (is-a USER))
FuzzyCLIPS> (defmethod B::foo ((?arg B)))

[CSTRCPSR3] Cannot define defgeneric foo because of an import/export conflict.

ERROR:
(defmethod B::foo
FuzzyCLIPS> (clear)                   ; DR0819
FuzzyCLIPS> 
(defclass A 
   (is-a INITIAL-OBJECT)
   (multislot foo (create-accessor read-write)))
FuzzyCLIPS> (make-instance a of A)
[a]
FuzzyCLIPS> (modify-instance [a] (foo 4))
TRUE
FuzzyCLIPS> (send [a] print)
[a] of A
(foo 4)
FuzzyCLIPS> (clear)                   ; DR0820
FuzzyCLIPS> 
(defclass A (is-a USER)
   (role concrete)
   (slot iii 
      (type INTEGER)
      (default -1)
      (visibility public)
      (create-accessor read-write)))
FuzzyCLIPS> 
(defclass B (is-a USER)
   (role concrete)
   (slot ooo 
      (type INSTANCE)
      (visibility public)
      (create-accessor read-write)))
FuzzyCLIPS> 
(defmessage-handler B init after ()
   (send [a] put-iii 23)
   (printout t "1st output line: iii = " (send [a] get-iii) crlf)
   (initialize-instance [a])
   (printout t "2nd output line: iii = " (send [a] get-iii) crlf))
FuzzyCLIPS> 
(defrule test
   (initial-fact)
   =>
   (make-instance [a] of A)
   (make-instance [b] of B))
FuzzyCLIPS> (reset)
FuzzyCLIPS> (run)
1st output line: iii = 23
2nd output line: iii = -1
FuzzyCLIPS> (clear)
FuzzyCLIPS> (watch slots)
FuzzyCLIPS> 
(defclass A (is-a USER)
  (role concrete)
  (slot foo
    (create-accessor read-write)
    (access initialize-only)))
FuzzyCLIPS> (make-instance a of A)
::= local slot foo in instance a <- nil
[a]
FuzzyCLIPS> 
(defclass B (is-a USER)
  (role concrete)
  (slot bar
     (create-accessor read-write)
     (default-dynamic (send [a] put-foo blah))))
FuzzyCLIPS> (make-instance of B)
[MSGFUN3] foo slot in [a] of A: write access denied.
[PRCCODE4] Execution halted during the actions of message-handler put-foo primary in class A
[PRCCODE4] Execution halted during the actions of message-handler init primary in class USER
[INSMNGR8] An error occurred during the initialization of instance gen504.
FALSE
FuzzyCLIPS> (unwatch slots)
FuzzyCLIPS> (clear)                   ; DR0821
FuzzyCLIPS> 
(deffunction function2 ()
  (subseq$ (create$ 3 (+ 3 1)) 1 1))
FuzzyCLIPS> 
(deffunction function1 ()
   (bind ?str "")
   (bind ?result (function2))
   (loop-for-count 3
      (bind ?str (str-cat ?str " ")))) 
FuzzyCLIPS> (loop-for-count 1000 (function1))
FALSE
FuzzyCLIPS> (clear)
FuzzyCLIPS> (clear)                   ; DR0824
FuzzyCLIPS> 
(defclass c
   (is-a USER)
   (role concrete)
   (slot s
      (access initialize-only)
      (visibility public)
      (create-accessor read-write)))
FuzzyCLIPS> 
(defmessage-handler c init after
   ()
   (bind ?self:s (+ ?self:s 1)))
FuzzyCLIPS> (make-instance of c (s 1))
[gen505]
FuzzyCLIPS> (clear)                   ; DR0825
FuzzyCLIPS> 
(defclass EXAMPLE
   (is-a USER)
   (role concrete)
   (slot x))
FuzzyCLIPS> (restore-instances bug825.ins)

[PRNTUTIL2] Syntax Error:  Check appropriate syntax for make-instance.
[INSFILE1] Function restore-instances could not completely process file bug825.ins.
1
FuzzyCLIPS> (clear)
FuzzyCLIPS> (release-mem)
107726 ;; Different number is OK
FuzzyCLIPS> (clear)                   ; DR0831
FuzzyCLIPS> (defmodule MAIN (export ?ALL))
FuzzyCLIPS> (defmodule M (import MAIN ?ALL) (export ?ALL))
FuzzyCLIPS> (deffunction MAIN::problem (?x))
FuzzyCLIPS> (save "Temp//bug.clp")
TRUE
FuzzyCLIPS> (clear)
FuzzyCLIPS> (load "Temp//bug.clp")
+!!+
TRUE
FuzzyCLIPS> (clear)                   ; DR0834
FuzzyCLIPS> 
(deffacts Stuff
   (Value)
   (AxisLine))  
FuzzyCLIPS> 
(defrule r1
   (initial-fact)
   (not (and (Value) 
             (not (AxisLine))))
   (not (AxisLine))
   (not (Bogus))
   =>)
FuzzyCLIPS> (reset)
FuzzyCLIPS> (retract 2)
FuzzyCLIPS> (run)
FuzzyCLIPS> (clear)                   ; DR0835
FuzzyCLIPS> 
(explode$
   (nth$ 1 (explode$
      (nth$ 1 (explode$
         (nth$ 1 (explode$
            (implode$ (create$
               (implode$ (create$
                  (implode$ (create$
                     (implode$ (create$ a b c)))))))))))))))
(a b c)
FuzzyCLIPS> (clear)                   ; DR0837
FuzzyCLIPS> (assert-string "()dfj )))(")

[PRNTUTIL2] Syntax Error:  Check appropriate syntax for first field of a RHS pattern.
FALSE
FuzzyCLIPS> (assert-string ")(dsf")

[PRNTUTIL2] Syntax Error:  Check appropriate syntax for RHS patterns.
FALSE
FuzzyCLIPS> (clear)                   ; DR0839
FuzzyCLIPS> (ppdefclass asd)
[PRNTUTIL1] Unable to find defclass asd.
FuzzyCLIPS> (ppdefclass MAIN::dip)
[PRNTUTIL1] Unable to find defclass MAIN::dip.
FuzzyCLIPS> (ppdefclass uiui::gop)
[PRNTUTIL1] Unable to find defclass uiui::gop.
FuzzyCLIPS> (clear)                   ; DR0840
FuzzyCLIPS> 
(defmodule A
   (export deftemplate template))
FuzzyCLIPS> (deftemplate A::template)
FuzzyCLIPS> 
(defmodule B
   (import A deftemplate template))
FuzzyCLIPS> (save "Temp//bug.tmp")
TRUE
FuzzyCLIPS> (clear)
FuzzyCLIPS> (load "Temp//bug.tmp")
+%+
TRUE
FuzzyCLIPS> (clear)
FuzzyCLIPS> (load mab.clp)
%%%%********************************
TRUE
FuzzyCLIPS> (save "Temp//bug.tmp")
TRUE
FuzzyCLIPS> (clear)
FuzzyCLIPS> (load "Temp//bug.tmp")
%%%%********************************
TRUE
FuzzyCLIPS> (clear)
FuzzyCLIPS> (load dilemma1.clp)
+%$$****+***+%***
TRUE
FuzzyCLIPS> (save "Temp//bug.tmp")
TRUE
FuzzyCLIPS> (clear)
FuzzyCLIPS> (load "Temp//bug.tmp")
+%$$****+***+%***
TRUE
FuzzyCLIPS> (clear)
FuzzyCLIPS> (load dilemma2.clp)
#!!!*~~~~~~~
TRUE
FuzzyCLIPS> (save "Temp//bug.tmp")
TRUE
FuzzyCLIPS> (clear)
FuzzyCLIPS> (load "Temp//bug.tmp")
!!!#~~~~~~~!!!*
TRUE
FuzzyCLIPS> (clear)
FuzzyCLIPS> (load wordgame.clp)
***
TRUE
FuzzyCLIPS> (save "Temp//bug.tmp")
TRUE
FuzzyCLIPS> (clear)
FuzzyCLIPS> (load "Temp//bug.tmp")
***
TRUE
FuzzyCLIPS> (clear)
FuzzyCLIPS> (load zebra.clp)
%****
TRUE
FuzzyCLIPS> (save "Temp//bug.tmp")
TRUE
FuzzyCLIPS> (clear)
FuzzyCLIPS> (load "Temp//bug.tmp")
%****
TRUE
FuzzyCLIPS> (clear)
FuzzyCLIPS> (load electrnc.clp)
##~#~#~##~#~###!~#!~#!~#!~#!~#~#!^&&&&:::!!******
TRUE
FuzzyCLIPS> (load circuit3.clp)
@!
TRUE
FuzzyCLIPS> (save "Temp//bug.tmp")
TRUE
FuzzyCLIPS> (clear)
FuzzyCLIPS> (load "Temp//bug.tmp")
!!!!!!!!^:::##~#~#~##~#~###~#~#~#~#~#~#@!!!!!!!!******&&&&
TRUE
FuzzyCLIPS> (clear)
FuzzyCLIPS> (load mabobj.clp)
####*******************************@
TRUE
FuzzyCLIPS> (save "Temp//bug.tmp")
TRUE
FuzzyCLIPS> (clear)
FuzzyCLIPS> (load "Temp//bug.tmp")
####@*******************************
TRUE
FuzzyCLIPS> (clear)
FuzzyCLIPS> (load objfarm.clp)
###@**********
TRUE
FuzzyCLIPS> (save "Temp//bug.tmp")
TRUE
FuzzyCLIPS> (clear)
FuzzyCLIPS> (load "Temp//bug.tmp")
###@**********
TRUE
FuzzyCLIPS> (clear)
FuzzyCLIPS> (load wrdgmobj.clp)
###***
TRUE
FuzzyCLIPS> (save "Temp//bug.tmp")
TRUE
FuzzyCLIPS> (clear)
FuzzyCLIPS> (load "Temp//bug.tmp")
###***
TRUE
FuzzyCLIPS> (clear)
FuzzyCLIPS> (load wine.clp)
+!%**+%***+$+%******+*$+$%$*+****
TRUE
FuzzyCLIPS> (save "Temp//bug.tmp")
TRUE
FuzzyCLIPS> (clear)
FuzzyCLIPS> (load "Temp//bug.tmp")
+!%!**+%***+$+%******+$*+%$$*+****
TRUE
FuzzyCLIPS> (clear)
FuzzyCLIPS> (clear)                   ; DR0848
FuzzyCLIPS> 
(defrule test1 
   (hihi ?a $?m) 
   => 
   (progn$ (?each ?m) 
      (printout t "Value=" ?each " Index=" ?each-index crlf)))
FuzzyCLIPS> (assert (hihi alpha bravo charli david echo))
<Fact-0>
FuzzyCLIPS> (run)
Value=bravo Index=1
Value=charli Index=2
Value=david Index=3
Value=echo Index=4
FuzzyCLIPS> (clear)                   ; DR0849
FuzzyCLIPS> 
(defclass FRIDGE
   (is-a USER)
   (multislot contents))
FuzzyCLIPS> 
(definstances test
   (fridge-1 of FRIDGE (contents a b c d)))
FuzzyCLIPS> (reset)
FuzzyCLIPS> (member$ (first$ (rest$ (send [fridge-1] get-contents))) (send [fridge-1] get-contents))
2
FuzzyCLIPS> (member$ (first$ (rest$ (send [fridge-1] get-contents))) (rest$ (send [fridge-1] get-contents)))
1
FuzzyCLIPS> (clear)                   ; DR0854
FuzzyCLIPS> 
(deffunction foobar (?a ?b ?c)
   (printout t ?a " " ?b " " ?c crlf))
FuzzyCLIPS> (funcall foobar 1)
[ARGACCES4] Function foobar expected exactly 3 argument(s)
[MISCFUN4] Function funcall called with the wrong number of arguments for deffunction foobar
FALSE
FuzzyCLIPS> (clear)                   ; DR0855
FuzzyCLIPS> (fetch
aaaaaaaaaaaaaaaaaaaaaaaaaaaaaaaaaaaaaaaaaaaaaaaaaaaaaaaaaaaaaaaaaaaaaaaaaaaaaaaaaaaaaaaaaaaaaaaaaaaaaaaaaaaaaaaaaaaaaaaaaaaaaaaaaaaaaaaaaaaaaaaaaaaaaaaaaaaaaaaaaaaaaaaaaaaaaaaaaaaaaaaaaaaaaaaaaaaaaaaaaaaaaaaaaaaaaaaaaaaaaaaaaaaaaaaaaaaaaaaaaaaaaaaaaaaaaaaaaaaaaaaaaaaaaaaaaaaaaaaaaaaaaaaaaaaaaaaaaaaaaaaaaaaaaaaaaaaaaaaaaaaaaaaaaaaaaaaaaaaaaaaaaaaaaaaaaaaaaaa
)
[TEXTPRO1] Could not open file "aaaaaaaaaaaaaaaaaaaaaaaaaaaaaaaaaaaaaaaaaaaaaaaaaaaaaaaaaaaaaaaaaaaaaaaaaaaaaaaaaaaaaaaaaaaaaaaaaaaaaaaaaaaaaaaaaaaaaaaaaaaaaaaaaaaaaaaaaaaaaaaaaaaaaaaaaaaaaaaaaaaaaaaaaaaaaaaaaaaaaaaaaaaaaaaaaaaaaaaaaaaaaaaaaaaaaaaaaaaaaaaaaaaaaaaaaaaaaaaaaaaaaaaaaaaaaaaaaaaaaaaaaaaaaaaaaaaaaaaaaaaaaaaaaaaaaaaaaaaaaaaaaaaaaaaaaaaaaaaaaaaaaaaaaaaaaaaaaaaaaaaaaaaaaaaaaaaaaaa".
FALSE
FuzzyCLIPS> (clear)                   ; DR0856
FuzzyCLIPS> (constructs-to-c
aaaaaaaaaaaaaaaaaaaaaaaaaaaaaaaaaaaaaaaaaaaaaaaaaaaaaaaaaaaaaaaaaaaaaaaaaaaaaaaaaaaaaaaaaaaaaaaaaaaaaaaaaaaaaaaaaaaaaaaaaaaaaaaaaaaaaaaaaaaaaaaaaaaaaaaaaaaaaaaaaaaaaaaaaaaaaaaaaaaaaaaaaaaaaaaaaaaaaaaaaaaaaaaaaaaaaaaaaaaaaaaaaaaaaaaaaaaaaaaaaaaaaaaaaaaaaaaaaaaaaaaaaaaaaaaaaaaaaaaaaaaaaaaaaaaaaaaaaaaaaaaaaaaaaaaaaaaaaaaaaaaaaaaaaaaaaaaaaaaaaaaaaaaaaaaaaaaaaaaaaaaaaaaaaaaaaaaaaaaaaaaaaaaaaaaaaaaaaaaaaaaaaaaaaaaaaaaaaaaaaaaaaaaaaaaaaaaaaaaaaaaaaaaaaaaaaaaaaaaaaaaaaaaaaaaaaaaaaaaaaaaaaaaaaaaaaaaaaaaaaaaaaaaaaaaaaaaaaaaaaaaaaaaaaaaaaaaaaaaaaaaaaaaaaaaaaaaaaaaaaaaaaaaaaaaaaaaaaaaaaaaaaaaaaaaaaaaaaaaaaaaaaaaaaaaaaaaaaaaaaaaaaaaaaaaaaaaaaaaaaaaaaaaaaaaaaaaaaaaaaaaaaaaaaaaaaaaaaaaaaaaaaaaaaaaaaaaaaaaaaaaaaaaaaaaaaaaaaaaaaaaaaaaaaaaaaaaaaaaaaaaaaaaaaaaaaaaaaaaaaaaaaaaaaaaaaaaaaaaaaaaaaaaaaaaaaaaaaaaaaaaaaaaaaaaaaaaaaaaaaaaaaaaaaaaaaaaaaaaaaaaaaaaaaaaaaaaaaaaaaaaaaaaaaaaaaaaaaaaaaaaaaaaaaaaaaaaaaaaaaaaaaaaaaaaaaaaaaaaaaaaaaaaaaaaaaaaaaaaaaaaaaaaaaaaaaaaaaaaaaaaaaaaaaaaaaaaaaaaaaaaaaaaaaaaaaaaaaaaaaaaaaaaaaaaaaaaaaaaaaaaaaaaaaaaaaaaaaaaaaaaaaaaaaaaaaaaaaaaaaaaaaaaaaaaaaaaaaaaaaaaaaaaaaaaaaaaaaaaaaaaaaaaaaaaaaaaaaaaaaaaaaaaaaaaaaaaaaaaaaaaaaaaaaaaaaaaaaaaaaaaaaaaaaaaaaaaaaaaaaaaaaaaaaaaaaaaaaaaaaaaaaaaaaaaaaaaaaaaaaaaaaaaaaaaaaaaaaaaaaaaaaaaaaaaaaaaaaaaaaaaaaaaaaaaaaaaaaaaaaaaaaaaaaaaaaaaaaaaaaaaaaaaaaaaaaaaaaaaaaaaaaaaaaaaaaaaaaaaaaaaaaaaaaaaaaaaaaaaaaaaaaaaaaaaaaaaaaaaaaaaaaaaaaaaaaaaaaaaaaaaaaaaaaaaaaaaaaaaaaaaaaaaaaaaaaaaaaaaaaaaaaaaaaaaaaaaaaaaaaaaaaaaaaaaaaaaaaaaaaaaaaaaaaaaaaaaaaaaaaaaaaaaaaaaaaaaaaaaaaaaaaaaaaaaaaaaaaaaaaaaaaaaaaaaaaaaaaaaaaaaaaaaaaaaaaaaaaaaaaaaaaaaaaaaaaaaaaaaaaaaaaaaaaaaaaaaaaaaaaaaaaaaaaaaaaaaaaaaaaaaaaaaaaaaaaaaaaaaaaaaaaaaaaaaaaaaaaaaaaaaaaaaaaaaaaaaaaaaaaaaaaaaaaaaaaaaaaaaaaaaaaaaaaaaaaaaaaaaaaaaaaaaaaaaaaaaaaaaaaaaaaaaaaaaaaaaaaaaaaaaaaaaaaaaaaaaaaaaaaaaaaaaaaaaaaaaaaaaaaaaaaaaaaaaaaaaaaaaaaaaaaaaaaaaaaaaaaaaaaaaaaaaaaaaaaaaaaaaaaaaaaaaaaaaaaaaaaaaaaaaaaaaaaaaaaaaaaaaaaaaaaaaaaaaaaaaaaaaaaaaaaaaaaaaaaaaaaaaaaaaaaaaaaaaaaaaaaaaaaaaaaaaaaaaaaaaaaaaaaaaaaaaaaaaaaaaaaaaaaaaaaaaaaaaaaaaaaaaaaaaaaaaaaaaaaaaaaaaaaaaaaaaaaaaaaaaaaaaaaaaaaaaaaaaaaaaaaaaaaaaaaaaaaaaaaaaaaaaaaaaaaaaaaaaaaaaaaaaaaaaaaaaaaaaaaaaaaaaaaaaaaaaaaaaaaaaaaaaaaaaaaaaaaaaaaaaaaaaaaaaaaaaaaaaaaaaaaaaaaaaaaaaaaaaaaaaaaaaaaaaaaaaaaaaaaaaaaaaaaaaaaaaaaaaaaaaaaaaaaaaaaaaaaaaaaaaaaaaaaaaaaaaaaaaaaaaaaaaaaaaaaaaaaaaaaaaaaaaaaaaaaaaaaaaaaaaaaaaaaaaaaaaaaaaaaaaaaaaaaaaaaaaaaaaaaaaaaaaaaaaaaaaaaaaaaaaaaaaaaaaaaaaaaaaaaaaaaaaaaaaaaaaaaaaaaaaaaaaaaaaaaaaaaaaaaaaaaaaaaaaaaaaaaaaaaaaaaaaaaaaaaaaaaaaaaaaaaaaaaaaaaaaaaaaaaaaaaaaaaaaaaaaaaaaaaaaaaaaaaaaaaaaaaaaaaaaaaaaaaaaaaaaaaaaaaaaaaaaaaaaaaaaaaaaaaaaaaaaaaaaaaaaaaaaaaaaaaaaaaaaaaaaaaaaaaaaaaaaaaaaaaaaaaaaaaaaaaaaaaaaaaaaaaaaaaaaaaaaaaaaaaaaaaaaaaaaaaaaaaaaaaaaaaaaaaaaaaaaaaaaaaaaaaaaaaaaaaaaaaaaaaaaaaaaaaaaaaaaaaaaaaaaaaaaaaaaaaaaaaaaaaaaaaaaaaaaaaaaaaaaaaaaaaaaaaaaaaaaaaaaaaaaaaaaaaaaaaaaaaaaaaaaaaaaaaaaaaaaaaaaaaaaaaaaaaaaaaaaaaaaaaaaaaaaaaaaaaaaaaaaaaaaaaaaaaaaaaaaaaaaaaaaaaaaaaaaaaaaaaaaaaaaaaaaaaaaaaaaaaaaaaaaaaaaaaaaaaaaaaaaaaaaaaaaaaaaaaaaaaaaaaaaaaaaaaaaaaaaaaaaaaaaaaaaaaaaaaaaaaaaaaaaaaaaaaaaaaaaaaaaaaaaaaaaaaaaaaaaaaaaaaaaaaaaaaaaaaaaaaaaaaaaaaaaaaaaaaaaaaaaaaaaaaaaaaaaaaaaaaaaaaaaaaaaaaaaaaaaaaaaaaaaaaaaaaaaaaaaaaaaaaaaaaaaaaaaaaaaaaaaaaaaaaaaaaaaaaaaa
1)
[CONSCOMP1] Aborting because the base file name may cause the fopen maximum of 256 to be violated when file names are generated.
FuzzyCLIPS> (clear)                   ; DR0857
FuzzyCLIPS> 
(defclass
CLASSaaaaaaaaaaaaaaaaaaaaaaaaaaaaaaaaaaaaaaaaaaaaaaaaaaaaaaaaaaaaaaaaaaaaaaaaaaaaaaaaaaaaaaaaaaaaaaaaaaaaaaaaaaaaaaaaaaaaaaaaaaaaaaaaaaaaaaaaaaaaaaaaaaaaaaaaaaaaaaaaaaaaaaaaaaaaaaaaaaaaaaaaaaaaaaaaaaaaaaaaaaaaaaaaaaaaaaaaaaaaaaaaaaaaaaaaaaaaaaaaaaaaaaaaaaaaaaaaaaaaaaaaaaaaaaaaaaaaaaaaaaaaaaaaaaaaaaaaaaaaaaaaaaaaaaaaaaaaaaaaaaaaaaaaaaaaaaaaaaaaaaaaaaaaaaaaaaaaaaaaaaaaaaaaaaaaaaaaaaaaaaaaaaaaaaaaaaaaaaaaaaaaaaaaaaaaaaaaaaaaaaaaaaaaaaaaaaaaaaaaaaaaaaaaaaaaaaaaaaaaaaaaaaaaaaaaaaaaaaaaaaaaaaaaaaaaaaaaaaaaaaaaaaaaaaaaaaaaaaaaaaaaaaaaaaaaaaaaaaaaaaaaaaaaaaaaaaaaaaaaaaaaaaaaaaa
(is-a OBJECT))
FuzzyCLIPS> (profile constructs)
FuzzyCLIPS> (profile-info)
Profile elapsed time = 0.005962 seconds ;; Different number is OK
Construct Name                           Entries         Time           %          Time+Kids     %+Kids
--------------                           -------        ------        -----        ---------     ------
FuzzyCLIPS> (profile off)
FuzzyCLIPS> (clear)                   ; DR0858
FuzzyCLIPS> 
(defmodule
aaaaaaaaaaaaaaaaaaaaaaaaaaaaaaaaaaaaaaaaaaaaaaaaaaaaaaaaaaaaaaaaaaaaaaaaaaaaaaaaaaaaaaaaaaaaaaaaaaaaaaaaaaaaaaaaaaaaaaaaaaaaaaaaaaaaaaaaaaaaaaaaaaaaaaaaaaaaaaaaaaaaaaaaaaaaaaaaaaaaaaaaaaaaaaaaaaaaaaaaaaaaaaaaaaaaaaaaaaaaaaaaaaaaaaaaaaaaaaaaaaaaaaaaaaaaaaaaaaaaaaaaaaaaaaaaaaaaaaaaaaaaaaaaaaaaaaaaaaaaaaaaaaaaaaaaaaaaaaaaaaaaaaaaaaaaaaaaaaaaaaaaaaaaaaaaaaaaaaaaaaaaaaaaaaaaaaaaaaaaaaaaaaaaaaaaaaaaaaaaaaaaaaaaaaaaaaaaaaaaaaaaaaaaaaaaaaaaaaaaaaaaaaaaaaaaaaaaaaaaaaaaaaaaaaaaaaaaaaaaaaaaaaaaaaaaaaaaaaaaaaaaaaaaaaaaaaaaaaaaaaaaaaaaaaaaaaaaaaaaaaaaaaaaaaaaaaaaaaaaaaaaaaaaaaaaaaaaaaaaaaaaaaaaaaaaaaaaaaaaaaaaaaaaaaaaaaaaaaaaaaaaaaaaaaaaaaaaaaaaaaaaaaaaaa)
FuzzyCLIPS> 
(deffunction
aaaaaaaaaaaaaaaaaaaaaaaaaaaaaaaaaaaaaaaaaaaaaaaaaaaaaaaaaaaaaaaaaaaaaaaaaaaaaaaaaaaaaaaaaaaaaaaaaaaaaaaaaaaaaaaaaaaaaaaaaaaaaaaaaaaaaaaaaaaaaaaaaaaaaaaaaaaaaaaaaaaaaaaaaaaaaaaaaaaaaaaaaaaaaaaaaaaaaaaaaaaaaaaaaaaaaaaaaaaaaaaaaaaaaaaaaaaaaaaaaaaaaaaaaaaaaaaaaaaaaaaaaaaaaaaaaaaaaaaaaaaaaaaaaaaaaaaaaaaaaaaaaaaaaaaaaaaaaaaaaaaaaaaaaaaaaaaaaaaaaaaaaaaaaaaaaaaaaaaaaaaaaaaaaaaaaaaaaaaaaaaaaaaaaaaaaaaaaaaaaaaaaaaaaaaaaaaaaaaaaaaaaaaaaaaaaaaaaaaaaaaaaaaaaaaaaaaaaaaaaaaaaaaaaaaaaaaaaaaaaaaaaaaaaaaaaaaaaaaaaaaaaaaaaaaaaaaaaaaaaaaaaaaaaaaaaaaaaaaaaaaaaaaaaaaaaaaaaaaaaaaaaaaaaaaaaaaaaaaaaaaaaaaaaaaaaaaaaaaaaaaaaaaaaaaaaaaaaaaaaaaaaaaaaaaaaaaaaaaaaaaaaaaaaa::foo
()))
FuzzyCLIPS> (get-deffunction-list *)
(aaaaaaaaaaaaaaaaaaaaaaaaaaaaaaaaaaaaaaaaaaaaaaaaaaaaaaaaaaaaaaaaaaaaaaaaaaaaaaaaaaaaaaaaaaaaaaaaaaaaaaaaaaaaaaaaaaaaaaaaaaaaaaaaaaaaaaaaaaaaaaaaaaaaaaaaaaaaaaaaaaaaaaaaaaaaaaaaaaaaaaaaaaaaaaaaaaaaaaaaaaaaaaaaaaaaaaaaaaaaaaaaaaaaaaaaaaaaaaaaaaaaaaaaaaaaaaaaaaaaaaaaaaaaaaaaaaaaaaaaaaaaaaaaaaaaaaaaaaaaaaaaaaaaaaaaaaaaaaaaaaaaaaaaaaaaaaaaaaaaaaaaaaaaaaaaaaaaaaaaaaaaaaaaaaaaaaaaaaaaaaaaaaaaaaaaaaaaaaaaaaaaaaaaaaaaaaaaaaaaaaaaaaaaaaaaaaaaaaaaaaaaaaaaaaaaaaaaaaaaaaaaaaaaaaaaaaaaaaaaaaaaaaaaaaaaaaaaaaaaaaaaaaaaaaaaaaaaaaaaaaaaaaaaaaaaaaaaaaaaaaaaaaaaaaaaaaaaaaaaaaaaaaaaaaaaaaaaaaaaaaaaaaaaaaaaaaaaaaaaaaaaaaaaaaaaaaaaaaaaaaaaaaaaaaaaaaaaaaaaaaaaaaaaaa::foo)
FuzzyCLIPS> (clear)                   ; DR0867
FuzzyCLIPS> 
(defrule Bad-Rule ""
   (exists (C))
   (not (B))
   =>)
FuzzyCLIPS> (watch activations)
FuzzyCLIPS> (reset)
==> Activation 0      Bad-Rule: f-0,,
<== Activation 0      Bad-Rule: f-0,,
FuzzyCLIPS> (reset)
==> Activation 0      Bad-Rule: f-0,,
<== Activation 0      Bad-Rule: f-0,,
FuzzyCLIPS> (agenda)
FuzzyCLIPS> (unwatch activations)
FuzzyCLIPS> (clear)                   ; DR0870
FuzzyCLIPS> 
(defclass A (is-a USER)
   (slot x (default ?NONE)))
FuzzyCLIPS> (slot-default-value A x)
?NONE
FuzzyCLIPS> (clear)                   ; DR0872
FuzzyCLIPS> (load dr0872-1.clp)
!
[PRNTUTIL2] Syntax Error:  Check appropriate syntax for deffunction.

ERROR:
(deffunction MAIN::testUnmatched
   ()
   (+ 3 4)
   

FALSE
FuzzyCLIPS> (load dr0872-2.clp)
&
ERROR:
(defmethod MAIN::foo
   ()
   (+ 3 4)
   

FALSE
FuzzyCLIPS> (clear)
FuzzyCLIPS> (dribble-off)
