TRUE
FuzzyCLIPS> (batch "drtest07.bat")
TRUE
FuzzyCLIPS> (clear)                            ; DR0602
FuzzyCLIPS> (subset (mv-append bar)            ; DR0602
        (mv-append "bar"))         ; DR0602 - FALSE
FALSE
FuzzyCLIPS> (member fox (mv-append "fox"))     ; DR0602 - FALSE
FALSE
FuzzyCLIPS> (clear)                            ; DR0604
FuzzyCLIPS> (defrule foo => (assert (x)))      ; DR0604
FuzzyCLIPS> (bsave "Temp//foo.bin")            ; DR0604
TRUE
FuzzyCLIPS> (clear)                            ; DR0604
FuzzyCLIPS> (defrule bar => (assert (y)))      ; DR0604
FuzzyCLIPS> (bsave "Temp//bar.bin")            ; DR0604
TRUE
FuzzyCLIPS> (clear)                            ; DR0604
FuzzyCLIPS> (bload "Temp//foo.bin")            ; DR0604
TRUE
FuzzyCLIPS> (reset)                            ; DR0604
FuzzyCLIPS> (run)                              ; DR0604
FuzzyCLIPS> (facts)                            ; DR0604
f-0     (initial-fact) CF 1.00 
f-1     (x) CF 1.00 
For a total of 2 facts.
FuzzyCLIPS> (bload "Temp//bar.bin")            ; DR0604
TRUE
FuzzyCLIPS> (reset)                            ; DR0604
FuzzyCLIPS> (run)                              ; DR0604
FuzzyCLIPS> (facts)                            ; DR0604
f-0     (initial-fact) CF 1.00 
f-1     (y) CF 1.00 
For a total of 2 facts.
FuzzyCLIPS> (clear)                            ; DR0606
FuzzyCLIPS> 
(defrule blah                      ; DR0606
   =>                              ; DR0606
  (bsave "Temp//me.bin")           ; DR0606
  (bload "Temp//me.bin"))          ; DR0606
FuzzyCLIPS> (reset)                            ; DR0606
FuzzyCLIPS> (run)                              ; DR0606
The FuzzyCLIPS environment could not be cleared.
Binary load cannot continue.
FuzzyCLIPS> (tan (deg-rad 270))                ; DR0609 - Error
[EMATHFUN3] Singularity at asymptote in tan function.
0.0
FuzzyCLIPS> (sec (deg-rad 270))                ; DR0609 - Error
[EMATHFUN3] Singularity at asymptote in sec function.
0.0
FuzzyCLIPS> (clear)                            ; DR0610
FuzzyCLIPS> (release-mem)                      ; DR0610
3587 ;; Different number is OK
FuzzyCLIPS> (deffunction foo ($?x) ?x ?x FALSE)
FuzzyCLIPS> (foo a b c d e)                    ; DR0610
FALSE
FuzzyCLIPS> (clear)                            ; DR0610
FuzzyCLIPS> (release-mem)                      ; DR0610 - Memory Loss
1428 ;; Different number is OK
FuzzyCLIPS> (clear)                            ; DR0612
FuzzyCLIPS> (release-mem)                      ; DR0612
937 ;; Different number is OK - Reference number
FuzzyCLIPS> (defrule x (not (a)) =>)           ; DR0612
FuzzyCLIPS> (clear)                            ; DR0612
FuzzyCLIPS> (release-mem)                      ; DR0612 - Memory Loss
2105 ;; Different number is OK
FuzzyCLIPS> (clear)                            ; DR0613
FuzzyCLIPS> (release-mem)                      ; DR0613
937 ;; Different number is OK but should be same as reference number
FuzzyCLIPS> (defrule x (not (a)) (not (b))  =>) 
FuzzyCLIPS> (clear)                            ; DR0613
FuzzyCLIPS> (release-mem)                      ; DR0613 - Memory Loss
2620 ;; Different number is OK
FuzzyCLIPS> (clear)                            ; DR0614
FuzzyCLIPS> (release-mem)                      ; DR0614
937 ;; Different number is OK but should be same as reference number
FuzzyCLIPS> (defglobal ?*x* = 3)               ; DR0614
FuzzyCLIPS> (defglobal ?*x* = 4)               ; DR0614
FuzzyCLIPS> (clear)                            ; DR0614
FuzzyCLIPS> (release-mem)                      ; DR0614 - Memory Loss
1094 ;; Different number is OK
FuzzyCLIPS> (clear)                            ; DR0615
FuzzyCLIPS> (release-mem)                      ; DR0615
937 ;; Different number is OK but should be same as reference number
FuzzyCLIPS> (deftemplate x (multifield y) (multifield y))

[PRNTUTIL5] The slot y has already been parsed.

ERROR:
(deftemplate MAIN::x
   (multifield y)
   (multifield y
FuzzyCLIPS> (clear)                            ; DR0615
FuzzyCLIPS> (release-mem)                      ; DR0615 - Memory Loss
1025 ;; Different number is OK
FuzzyCLIPS> (clear)                            ; DR0616
FuzzyCLIPS> (release-mem)                      ; DR0616
937 ;; Different number is OK but should be same as reference number
FuzzyCLIPS> (any-instancep ((?a OBJECT) (?a OBJECT)) TRUE)
[INSQYPSR1] Duplicate instance member variable name in function any-instancep.
FuzzyCLIPS> (clear)                            ; DR0616
FuzzyCLIPS> (release-mem)                      ; DR0616 - Memory Loss
973 ;; Different number is OK
FuzzyCLIPS> (clear)                            ; DR0617
FuzzyCLIPS> (release-mem)                      ; DR0617
937 ;; Different number is OK but should be same as reference number
FuzzyCLIPS> (bind ?a 3)                        ; DR0617
3
FuzzyCLIPS> (clear)                            ; DR0617
FuzzyCLIPS> (release-mem)                      ; DR0617 - Memory Loss
1103 ;; Different number is OK
FuzzyCLIPS> (clear)                            ; DR0619
FuzzyCLIPS> (str-explode "")                   ; DR0619
()
FuzzyCLIPS> (deftemplate foo (field x) (field y))
FuzzyCLIPS> (str-explode "foo")                ; DR0619
(foo)
FuzzyCLIPS> (format t "%s"                     ; DR0621
   "The allowed-values attribute cannot be used in conjunction with
                      other value restriction attributes")
The allowed-values attribute cannot be used in conjunction with
                      other value restriction attributes"The allowed-values attribute cannot be used in conjunction with
                      other value restriction attributes"
FuzzyCLIPS> (clear)                            ; DR0623
FuzzyCLIPS> (defclass A (is-a USER) (role abstract)
   (multislot foo (create-accessor read-write)))
FuzzyCLIPS> (defclass B (is-a A)               ; DR0623
   (slot foo (propagation no-inherit) (storage shared) (create-accessor read-write)))
FuzzyCLIPS> (defclass C (is-a B)               ; DR0623
   (slot foo (source composite) (access read-only) (create-accessor read)))
FuzzyCLIPS> (describe-class C)                 ; DR0623
================================================================================
********************************************************************************
Abstract: direct instances of this class cannot be created.

Direct Superclasses: B
Inheritance Precedence: C B A USER OBJECT
Direct Subclasses:
--------------------------------------------------------------------------------
SLOTS : FLD DEF PRP ACC STO MCH SRC VIS CRT OVRD-MSG SOURCE(S)
foo   : MLT STC INH  R  SHR RCT CMP PRV  R  NIL      A C

Constraint information for slots:

SLOTS : SYM STR INN INA EXA FTA INT FLT
foo   :  +   +   +   +   +   +   +   +  RNG:[-oo..+oo] CRD:[0..+oo]
--------------------------------------------------------------------------------
Recognized message-handlers:
init primary in class USER
delete primary in class USER
create primary in class USER
print primary in class USER
direct-modify primary in class USER
message-modify primary in class USER
direct-duplicate primary in class USER
message-duplicate primary in class USER
get-foo primary in class A
put-foo primary in class A
get-foo primary in class B
put-foo primary in class B
get-foo primary in class C
********************************************************************************
================================================================================
FuzzyCLIPS> (clear)                            ; DR0625
FuzzyCLIPS> (release-mem)                      ; DR0625
3980 ;; Different number is OK
FuzzyCLIPS> (deftemplate a (field one))        ; DR0625 
FuzzyCLIPS> (defrule a                         ; DR0625
   ?f1 <- (a (one two three))
   =>)

[PRNTUTIL2] Syntax Error:  Check appropriate syntax for deftemplate patterns.

ERROR:
(defrule MAIN::a
   ?f1 <- (a (one two three
FuzzyCLIPS> (clear)                            ; DR0625
FuzzyCLIPS> (release-mem)                      ; DR0625 - Memory Loss
1649 ;; Different number is OK
FuzzyCLIPS> (clear)                            ; DR0626
FuzzyCLIPS> (deffacts one                      ; DR0626
   (first =(assert let's see)))    ; DR0626 - Bad PPForm

[PRNTUTIL2] Syntax Error:  Check appropriate syntax for RHS patterns.

ERROR:
(deffacts MAIN::one
   (first =(assert let's
FuzzyCLIPS> (clear)                            ; DR0627
FuzzyCLIPS> (deftemplate a (field one))        ; DR0627
FuzzyCLIPS> (defrule a                         ; DR0627
   ?f1 <- (a (one two three))      ; DR0627
   =>                              ; DR0627
   (assert (not good)))            ; DR0627

[PRNTUTIL2] Syntax Error:  Check appropriate syntax for deftemplate patterns.

ERROR:
(defrule MAIN::a
   ?f1 <- (a (one two three
FuzzyCLIPS> (clear)                            ; DR0628
FuzzyCLIPS> (defmethod foo (?a))               ; DR0628
FuzzyCLIPS> (defmethod foo ((?a NUMBER)))      ; DR0628
FuzzyCLIPS> (defmethod foo ((?a INTEGER FLOAT))) 
FuzzyCLIPS> (list-defmethods)                  ; DR0628 - Check Precedence
foo #3  (INTEGER FLOAT)
foo #2  (NUMBER)
foo #1  ()
For a total of 3 methods.
FuzzyCLIPS> (clear)                            ; DR0629
FuzzyCLIPS> (defclass A (is-a USER)            ; DR0629
   (role concrete)
   (multislot foo (default a) (create-accessor read-write)))
FuzzyCLIPS> (deffunction foo (?ins)            ; DR0629
   (bind ?a (send ?ins get-foo))
   (printout t ?a " ")
   (printout t (send ?ins get-foo) " ")
   (mv-slot-replace ?ins foo 1 1 1)
   (printout t ?a " ")
   (printout t (send ?ins get-foo) crlf))
FuzzyCLIPS> (make-instance a of A)             ; DR0629
[a]
FuzzyCLIPS> (foo [a])                          ; DR0629 - (a) (a) (a) (1)
(a) (a) (a) (1)
FuzzyCLIPS> (clear)                            ; DR0630
FuzzyCLIPS> (defrule blah                      ; DR0630
   ?f <- (initial-fact)
   (test (progn (retract ?f) TRUE))
   =>)
FuzzyCLIPS> (reset)                            ; DR0630

[FACTMNGR1] Facts may not be retracted during pattern-matching
FuzzyCLIPS> (facts)                            ; DR0630
f-0     (initial-fact) CF 1.00 
For a total of 1 fact.
FuzzyCLIPS> (agenda)                           ; DR0630
0      blah: f-0
For a total of 1 activation.
FuzzyCLIPS> (clear)                            ; DR0633
FuzzyCLIPS> (set-incremental-reset FALSE)      ; DR0633
TRUE
FuzzyCLIPS> (defrule not-fire (not (color)) =>)
FuzzyCLIPS> (agenda)                           ; DR0633
FuzzyCLIPS> (assert (color))                   ; DR0633
<Fact-0>
FuzzyCLIPS> (agenda)                           ; DR0633
FuzzyCLIPS> (clear)                            ; DR0633
FuzzyCLIPS> (set-incremental-reset TRUE)       ; DR0633
FALSE
FuzzyCLIPS> (clear)                            ; DR0634
FuzzyCLIPS> (deffunction foo ()                ; DR0634
   (bind ?i 1000)                  ; DR0634
   (while (> ?i 0) do              ; DR0634
      (bind ?a (mv-append))        ; DR0634
      (bind ?i (- ?i 1))))         ; DR0634
FuzzyCLIPS> (foo)                              ; DR0634
FALSE
FuzzyCLIPS> (clear)                            ; DR0635
FuzzyCLIPS> (format nil "1%N2%3$Q%d3%W" 5)     ; DR0635
"1N23$Q53W"
FuzzyCLIPS> (clear)                            ; DR0636
FuzzyCLIPS> (defrule blah (fact $?x here $?x) =>)
FuzzyCLIPS> (assert (fact 1 2 here 3 4))       ; DR0636
<Fact-0>
FuzzyCLIPS> (agenda)                           ; DR0636
FuzzyCLIPS> (subsetp (mv-append a a b) (mv-append a b)) ; DR0637
TRUE
FuzzyCLIPS> (clear)                            ; DR0639
FuzzyCLIPS> (defrule foo (or (a) (b) (c)) =>)  ; DR0639
FuzzyCLIPS> (assert (a) (b) (c))               ; DR0639
<Fact-2>
FuzzyCLIPS> (agenda)                           ; DR0639
0      foo: f-2
0      foo: f-1
0      foo: f-0
For a total of 3 activations.
FuzzyCLIPS> (run)                              ; DR0639
FuzzyCLIPS> (refresh foo)                      ; DR0639
FuzzyCLIPS> (agenda)                           ; DR0639
0      foo: f-2
0      foo: f-1
0      foo: f-0
For a total of 3 activations.
FuzzyCLIPS> (clear)                            ; DR0640
FuzzyCLIPS> (defclass A (is-a USER) (role concrete)); DR0640
FuzzyCLIPS> (make-instance a of A)             ; DR0640
[a]
FuzzyCLIPS> (defglobal ?*x* = (instance-address a))
FuzzyCLIPS> (initialize-instance a)            ; DR0640
[a]
FuzzyCLIPS> (clear)                            ; DR0642
FuzzyCLIPS> (deffunction foo ()
   (do-for-all-instances ((?a USER)) TRUE (send ?a print))
   (printout t "Finished." crlf))
FuzzyCLIPS> (ppdeffunction foo)                ; DR0642
(deffunction MAIN::foo
   ()
   (do-for-all-instances ((?a USER))
      TRUE
      (send ?a print))
   (printout t "Finished." crlf))
FuzzyCLIPS> (clear)                            ; DR0644
FuzzyCLIPS> (ppdeffunction bad)                ; DR0644
[PRNTUTIL1] Unable to find deffunction bad.
FuzzyCLIPS> (clear)                            ; DR0645
FuzzyCLIPS> (deffacts start (result # 0 1 0))
FuzzyCLIPS> (defrule print-responses
   (result $?input # $?response)
   =>
   (while (neq ?response (create$)) do
      (nth 1 ?response)
      (bind ?response (create$))))
FuzzyCLIPS> (reset)                            ; DR0645
FuzzyCLIPS> (run)                              ; DR0645
FuzzyCLIPS> (clear)                            ; DR0647
FuzzyCLIPS> (defclass A (is-a USER) (role abstract) (slot x (create-accessor read-write)))  ; DR0647
FuzzyCLIPS> (defclass B (is-a A))              ; DR0647
FuzzyCLIPS> (describe-class B)                 ; DR0647
================================================================================
********************************************************************************
Abstract: direct instances of this class cannot be created.

Direct Superclasses: A
Inheritance Precedence: B A USER OBJECT
Direct Subclasses:
--------------------------------------------------------------------------------
SLOTS : FLD DEF PRP ACC STO MCH SRC VIS CRT OVRD-MSG SOURCE(S)
x     : SGL STC INH RW  LCL RCT EXC PRV RW  put-x    A

Constraint information for slots:

SLOTS : SYM STR INN INA EXA FTA INT FLT
x     :  +   +   +   +   +   +   +   +  RNG:[-oo..+oo] 
--------------------------------------------------------------------------------
Recognized message-handlers:
init primary in class USER
delete primary in class USER
create primary in class USER
print primary in class USER
direct-modify primary in class USER
message-modify primary in class USER
direct-duplicate primary in class USER
message-duplicate primary in class USER
get-x primary in class A
put-x primary in class A
********************************************************************************
================================================================================
FuzzyCLIPS> (constructs-to-c bug 1)            ; DR0647
[CSTRNCMP1] WARNING: Constraints are not saved with a constructs-to-c image
  when dynamic constraint checking is disabled.
  (except Fuzzy Value constraints are always saved)
FuzzyCLIPS> (describe-class B)                 ; DR0647
================================================================================
********************************************************************************
Abstract: direct instances of this class cannot be created.

Direct Superclasses: A
Inheritance Precedence: B A USER OBJECT
Direct Subclasses:
--------------------------------------------------------------------------------
SLOTS : FLD DEF PRP ACC STO MCH SRC VIS CRT OVRD-MSG SOURCE(S)
x     : SGL STC INH RW  LCL RCT EXC PRV RW  put-x    A

Constraint information for slots:

SLOTS : SYM STR INN INA EXA FTA INT FLT
x     :  +   +   +   +   +   +   +   +  RNG:[-oo..+oo] 
--------------------------------------------------------------------------------
Recognized message-handlers:
init primary in class USER
delete primary in class USER
create primary in class USER
print primary in class USER
direct-modify primary in class USER
message-modify primary in class USER
direct-duplicate primary in class USER
message-duplicate primary in class USER
get-x primary in class A
put-x primary in class A
********************************************************************************
================================================================================
FuzzyCLIPS> (clear)                            ; DR0648
FuzzyCLIPS> (bsave "Temp//none.bin")           ; DR0648
TRUE
FuzzyCLIPS> (deffunction one ())               ; DR0648
FuzzyCLIPS> (bsave "Temp//some.bin")           ; DR0648
TRUE
FuzzyCLIPS> (bload "Temp//none.bin")           ; DR0648
TRUE
FuzzyCLIPS> (clear)                            ; DR0649
FuzzyCLIPS> (div a)                            ; DR0649
[ARGACCES4] Function div expected at least 2 argument(s)
FuzzyCLIPS> (div 1)                            ; DR0649
[ARGACCES4] Function div expected at least 2 argument(s)
FuzzyCLIPS> (asin 2)                           ; DR0649
[EMATHFUN1] Domain error for asin function.
0.0
FuzzyCLIPS> (atanh 1.0)                        ; DR0649
[EMATHFUN1] Domain error for atanh function.
0.0
FuzzyCLIPS> (clear)                            ; DR0650
FuzzyCLIPS> (deffacts foo)                     ; DR0650
FuzzyCLIPS> (defrule foo =>)                   ; DR0650
FuzzyCLIPS> (deftemplate foo)                  ; DR0650
FuzzyCLIPS> (deffacts *)                       ; DR0650
FuzzyCLIPS> (defrule * =>)                     ; DR0650
FuzzyCLIPS> (deftemplate *)                    ; DR0650
FuzzyCLIPS> (list-deffacts)                    ; DR0650
initial-fact
foo
*
For a total of 3 deffacts.
FuzzyCLIPS> (list-defrules)                    ; DR0650
foo
*
For a total of 2 defrules.
FuzzyCLIPS> (list-deftemplates)                ; DR0650
initial-fact
foo
*
For a total of 3 deftemplates.
FuzzyCLIPS> (clear)                            ; DR0654
FuzzyCLIPS> (fetch "XYZBEDQ.txt")              ; DR0654
[TEXTPRO1] Could not open file "XYZBEDQ.txt".
FALSE
FuzzyCLIPS> (clear)                            ; DR0655
FuzzyCLIPS> (defclass A (is-a USER) (slot x (create-accessor read-write)))  ; DR0655
FuzzyCLIPS> (defclass B (is-a A) (slot y (create-accessor read-write)))     ; DR0655
FuzzyCLIPS> (defmessage-handler B get-y ())    ; DR0655
[MSGPSR3] System message-handlers may not be modified.

ERROR:
(defmessage-handler MAIN::B get-y
   (
FuzzyCLIPS> (clear)                            ; DR0656
FuzzyCLIPS> (defclass A (is-a USER) (role concrete) (multislot x (create-accessor read-write)))
FuzzyCLIPS> (make-instance a of A (x (instance-address a) 34))
[a]
FuzzyCLIPS> (save-instances "Temp//ins.sav")   ; DR0656
1
FuzzyCLIPS> (clear)                            ; DR0657
FuzzyCLIPS> (defclass A (is-a USER) (role concrete) (slot x (create-accessor read-write)))
FuzzyCLIPS> (defmessage-handler A foo (?a) 
   (bind ?x 1)
   (bind ?y 2)
   (put x ?self)) 
FuzzyCLIPS> (make-instance a of A)             ; DR0657
[a]
FuzzyCLIPS> (send [a] foo 1)                   ; DR0657
<Instance-a>
FuzzyCLIPS> (clear)                            ; DR0658
FuzzyCLIPS> (defclass A (is-a USER) (role concrete) (multislot x (create-accessor read-write)))
FuzzyCLIPS> (make-instance a of A)             ; DR0658
[a]
FuzzyCLIPS> (mv-slot-insert [a] x 1 abc)       ; DR0658
(abc)
FuzzyCLIPS> (clear)                            ; DR0659
FuzzyCLIPS> (defclass a (is-a USER) ())        ; DR0659

[PRNTUTIL2] Syntax Error:  Check appropriate syntax for defclass.

ERROR:
(defclass MAIN::a
   (is-a USER)
   ()
FuzzyCLIPS> (defclass b (is-a USER) (slot))    ; DR0659

[PRNTUTIL2] Syntax Error:  Check appropriate syntax for defclass slot.

ERROR:
(defclass MAIN::b
   (is-a USER)
   (slot )
FuzzyCLIPS> (list-defclasses)                  ; DR0659
FLOAT
INTEGER
SYMBOL
STRING
MULTIFIELD
EXTERNAL-ADDRESS
FACT-ADDRESS
INSTANCE-ADDRESS
INSTANCE-NAME
FUZZY-VALUE
OBJECT
PRIMITIVE
NUMBER
LEXEME
ADDRESS
INSTANCE
USER
INITIAL-OBJECT
For a total of 18 defclasses.
FuzzyCLIPS> (clear)                            ; DR0660
FuzzyCLIPS> (definstances bad (a of))          ; DR0660

[PRNTUTIL2] Syntax Error:  Check appropriate syntax for instance class.

ERROR:
(definstances MAIN::bad
   (a of )
FuzzyCLIPS> (clear)                            ; DR0661
FuzzyCLIPS> (definstances bad (a of BOGUS))    ; DR0661
[PRNTUTIL1] Unable to find class BOGUS.

ERROR:
(definstances MAIN::bad
   (a of BOGUS
FuzzyCLIPS> (reset)                            ; DR0661
FuzzyCLIPS> (facts)                            ; DR0661
f-0     (initial-fact) CF 1.00 
For a total of 1 fact.
FuzzyCLIPS> (clear)                            ; DR0662
FuzzyCLIPS> (sub-string 0 0 abc)               ; DR0662
""
FuzzyCLIPS> (clear)                            ; DR0663
FuzzyCLIPS> (defmessage-handler USER * ())     ; DR0663
FuzzyCLIPS> (list-defmessage-handlers USER)    ; DR0663 - changed
init primary in class USER
delete primary in class USER
create primary in class USER
print primary in class USER
direct-modify primary in class USER
message-modify primary in class USER
direct-duplicate primary in class USER
message-duplicate primary in class USER
* primary in class USER
For a total of 9 message-handlers.
FuzzyCLIPS> (clear)                            ; DR0664
FuzzyCLIPS> (defglobal ?*x* = 0)               ; DR0664
FuzzyCLIPS> (defclass A (is-a USER)            ; DR0664
   (slot x (default ?*x*) (create-accessor read-write))
   (slot y (default-dynamic ?*x*) (create-accessor read-write)))
FuzzyCLIPS> (clear)                            ; DR0665
FuzzyCLIPS> (preview-send OBJECT bogus)        ; DR0665
[MSGFUN1] No applicable primary message-handlers found for bogus.
FuzzyCLIPS> (clear)                            ; DR0666
FuzzyCLIPS> (defglobal ?*x* = 300)             ; DR0666
FuzzyCLIPS> (defclass A (is-a USER) (role concrete)); DR0666
FuzzyCLIPS> (make-instance a of A)             ; DR0666
[a]
FuzzyCLIPS> (while (> ?*x* 0) do 
   (any-instancep ((?a A)) TRUE)
   (bind ?*x* (- ?*x* 1)))
FALSE
FuzzyCLIPS> (do-for-all-instances ((?a A)) TRUE (printout t "Foo!" crlf))
Foo!
FuzzyCLIPS> (clear)                            ; DR0668
FuzzyCLIPS> (defclass a (is-a USER) (role abstract))
FuzzyCLIPS> (defclass b (is-a USER) (role abstract))
FuzzyCLIPS> (defclass c (is-a a b))            ; DR0668
FuzzyCLIPS> (defclass d (is-a a))              ; DR0668
FuzzyCLIPS> (defclass e (is-a c d))            ; DR0668
FuzzyCLIPS> (clear)                            ; DR0668
FuzzyCLIPS> (defclass a (is-a USER) (role abstract))
FuzzyCLIPS> (defclass b (is-a USER) (role abstract))
FuzzyCLIPS> (defclass c (is-a a))              ; DR0668
FuzzyCLIPS> (defclass d (is-a b))              ; DR0668
FuzzyCLIPS> (defclass e (is-a c d))            ; DR0668
FuzzyCLIPS> (defclass f (is-a e a b))          ; DR0668
FuzzyCLIPS> (describe-class f)                 ; DR0668
================================================================================
********************************************************************************
Abstract: direct instances of this class cannot be created.

Direct Superclasses: e a b
Inheritance Precedence: f e c a d b USER OBJECT
Direct Subclasses:
--------------------------------------------------------------------------------
Recognized message-handlers:
init primary in class USER
delete primary in class USER
create primary in class USER
print primary in class USER
direct-modify primary in class USER
message-modify primary in class USER
direct-duplicate primary in class USER
message-duplicate primary in class USER
********************************************************************************
================================================================================
FuzzyCLIPS> (clear)                            ; DR0670
FuzzyCLIPS> (defrule foo => (close blah))      ; DR0670
FuzzyCLIPS> (reset)                            ; DR0670
FuzzyCLIPS> (run)                              ; DR0670
FuzzyCLIPS> (clear)                            ; DR0672
FuzzyCLIPS> (defglobal ?*x* = (create$ a b c d))
FuzzyCLIPS> (deffunction foo ()
   (bind ?y ?*x*)
   (printout t ?y " " ?*x* crlf)
   (bind ?*x* (create$ e f g h))
   (printout t ?y " " ?*x* crlf))
FuzzyCLIPS> (foo)                              ; DR0672
(a b c d) (a b c d)
(a b c d) (e f g h)
FuzzyCLIPS> (clear)
FuzzyCLIPS> (dribble-off)
