TRUE
FuzzyCLIPS> (batch "focusexe.bat")
TRUE
FuzzyCLIPS> (clear) ;; Test simple switching
FuzzyCLIPS> (set-strategy depth)
depth
FuzzyCLIPS> (unwatch all)
FuzzyCLIPS> (watch rules)
FuzzyCLIPS> (watch focus)
FuzzyCLIPS> (defmodule MAIN (export ?ALL))
FuzzyCLIPS> (deffacts info (a) (b))
FuzzyCLIPS> (defrule MAIN::start => (focus A B C))
FuzzyCLIPS> (defmodule A (import MAIN ?ALL))
FuzzyCLIPS> (defrule A::arule1 (a) =>)
FuzzyCLIPS> (defrule A::arule2 (b) =>)
FuzzyCLIPS> (defmodule B (import MAIN ?ALL))
FuzzyCLIPS> (defrule B::brule1 (a) =>)
FuzzyCLIPS> (defrule B::brule2 (b) =>)
FuzzyCLIPS> (defmodule C (import MAIN ?ALL))
FuzzyCLIPS> (defrule C::crule1 (a) =>)
FuzzyCLIPS> (defrule C::crule2 (b) =>)
FuzzyCLIPS> (reset)
<== Focus MAIN
==> Focus MAIN
FuzzyCLIPS> (run)
FIRE    1 start: f-0
==> Focus C from MAIN
==> Focus B from C
==> Focus A from B
FIRE    2 arule2: f-2
FIRE    3 arule1: f-1
<== Focus A to B
FIRE    4 brule2: f-2
FIRE    5 brule1: f-1
<== Focus B to C
FIRE    6 crule2: f-2
FIRE    7 crule1: f-1
<== Focus C to MAIN
<== Focus MAIN
FuzzyCLIPS> (clear) ;; Test early return
FuzzyCLIPS> (defmodule MAIN (export ?ALL))
FuzzyCLIPS> (deffacts info (a) (b))
FuzzyCLIPS> (defrule MAIN::start => (focus A B C))
FuzzyCLIPS> (defmodule A (import MAIN ?ALL))
FuzzyCLIPS> (defrule A::arule1 (a) =>)
FuzzyCLIPS> (defrule A::arule2 (b) => (return))
FuzzyCLIPS> (defmodule B (import MAIN ?ALL))
FuzzyCLIPS> (defrule B::brule1 (a) =>)
FuzzyCLIPS> (defrule B::brule2 (b) => (return))
FuzzyCLIPS> (defmodule C (import MAIN ?ALL))
FuzzyCLIPS> (defrule C::crule1 (a) =>)
FuzzyCLIPS> (defrule C::crule2 (b) => (return))
FuzzyCLIPS> (reset)
<== Focus MAIN
==> Focus MAIN
FuzzyCLIPS> (run)
FIRE    1 start: f-0
==> Focus C from MAIN
==> Focus B from C
==> Focus A from B
FIRE    2 arule2: f-2
<== Focus A to B
FIRE    3 brule2: f-2
<== Focus B to C
FIRE    4 crule2: f-2
<== Focus C to MAIN
<== Focus MAIN
FuzzyCLIPS> (clear) ;; Test nesting
FuzzyCLIPS> (defmodule MAIN (export ?ALL))
FuzzyCLIPS> (deffacts info (a) (b) (c))
FuzzyCLIPS> (defrule MAIN::start => (focus A))
FuzzyCLIPS> (defmodule A (import MAIN ?ALL))
FuzzyCLIPS> (defrule A::arule1 (a) =>)
FuzzyCLIPS> (defrule A::arule2 (b) => (focus B))
FuzzyCLIPS> (defrule A::arule3 (c) => (focus B))
FuzzyCLIPS> (defmodule B (import MAIN ?ALL))
FuzzyCLIPS> (defrule B::brule1 (a) =>)
FuzzyCLIPS> (defrule B::brule2 (b) => (focus C))
FuzzyCLIPS> (defrule B::brule3 (c) => (focus C))
FuzzyCLIPS> (defmodule C (import MAIN ?ALL))
FuzzyCLIPS> (defrule C::crule1 (a) =>)
FuzzyCLIPS> (defrule C::crule2 (b) => (return))
FuzzyCLIPS> (defrule C::crule3 (c) => (focus A))
FuzzyCLIPS> (reset)
<== Focus MAIN
==> Focus MAIN
FuzzyCLIPS> (run)
FIRE    1 start: f-0
==> Focus A from MAIN
FIRE    2 arule3: f-3
==> Focus B from A
FIRE    3 brule3: f-3
==> Focus C from B
FIRE    4 crule3: f-3
==> Focus A from C
FIRE    5 arule2: f-2
==> Focus B from A
FIRE    6 brule2: f-2
==> Focus C from B
FIRE    7 crule2: f-2
<== Focus C to B
FIRE    8 brule1: f-1
<== Focus B to A
FIRE    9 arule1: f-1
<== Focus A to C
FIRE   10 crule1: f-1
<== Focus C to B
<== Focus B to A
<== Focus A to MAIN
<== Focus MAIN
FuzzyCLIPS> (clear) ;; Autofocus
FuzzyCLIPS> (defrule error (declare (auto-focus)) =>)

[PRNTUTIL2] Syntax Error:  Check appropriate syntax for auto-focus statement.

ERROR:
(defrule MAIN::error
   (declare (auto-focus )
FuzzyCLIPS> (defrule error (declare (auto-focus TRUE FALSE)) =>)

[PRNTUTIL2] Syntax Error:  Check appropriate syntax for declare statement.

ERROR:
(defrule MAIN::error
   (declare (auto-focus TRUE FALSE
FuzzyCLIPS> (defrule error (declare (auto-focus 6)) =>)

[PRNTUTIL2] Syntax Error:  Check appropriate syntax for auto-focus statement.

ERROR:
(defrule MAIN::error
   (declare (auto-focus 6
FuzzyCLIPS> (clear)
FuzzyCLIPS> (defmodule MAIN (export ?ALL))
FuzzyCLIPS> (deffacts info (a) (b) (c))
FuzzyCLIPS> (defrule MAIN::mrule1 (c) => (assert (d)))
FuzzyCLIPS> (defrule MAIN::mrule2 (b) => (assert (e)))
FuzzyCLIPS> (defrule MAIN::mrule3 (a) =>)
FuzzyCLIPS> (defmodule A (import MAIN ?ALL))
FuzzyCLIPS> (defrule A::arule1 (declare (auto-focus TRUE)) (d) =>)
FuzzyCLIPS> (defrule A::arule2 (declare (auto-focus TRUE)) (e) => (assert (f)))
FuzzyCLIPS> (defrule A::arule3 (f) =>)
FuzzyCLIPS> (reset)
<== Focus MAIN
==> Focus MAIN
FuzzyCLIPS> (run)
FIRE    1 mrule1: f-3
==> Focus A from MAIN
FIRE    2 arule1: f-4
<== Focus A to MAIN
FIRE    3 mrule2: f-2
==> Focus A from MAIN
FIRE    4 arule2: f-5
FIRE    5 arule3: f-6
<== Focus A to MAIN
FIRE    6 mrule3: f-1
<== Focus MAIN
FuzzyCLIPS> (dribble-off)
