TEST 1
Trial 1
<== f-1     (a) CF 1.00 
...
<== f-2     (b) CF 1.00 
<== f-3     (c) CF 1.00 
<== f-4     (d) CF 1.00 
<== f-5     (e) CF 1.00 
Trial 2
<== f-3     (c) CF 1.00 
<== f-4     (d) CF 1.00 
<== f-5     (e) CF 1.00 
...
...
<== f-1     (a) CF 1.00 
...
<== f-2     (b) CF 1.00 
Trial 3
<== f-4     (d) CF 1.00 
<== f-5     (e) CF 1.00 
...
<== f-2     (b) CF 1.00 
<== f-3     (c) CF 1.00 
...
<== f-1     (a) CF 1.00 
...
<== f-6     (f) CF 1.00 
Trial 4
<== f-5     (e) CF 1.00 
...
<== f-4     (d) CF 1.00 
...
<== f-3     (c) CF 1.00 
...
<== f-2     (b) CF 1.00 
Trial 5
<== f-6     (f) CF 1.00 
...
<== f-5     (e) CF 1.00 
...
<== f-2     (b) CF 1.00 
<== f-3     (c) CF 1.00 
<== f-4     (d) CF 1.00 
TEST 2
Trial 1
<== f-1     (g) CF 1.00 
...
<== f-2     (h) CF 1.00 
...
<== f-3     (i) CF 1.00 
...
<== f-4     (j) CF 1.00 
...
<== f-5     (k) CF 1.00 
<== f-6     (x) CF 1.00 
Trial 2
<== f-5     (k) CF 1.00 
...
<== f-4     (j) CF 1.00 
...
<== f-3     (i) CF 1.00 
...
<== f-2     (h) CF 1.00 
...
<== f-1     (g) CF 1.00 
Trial 3
<== f-3     (i) CF 1.00 
...
<== f-4     (j) CF 1.00 
...
<== f-5     (k) CF 1.00 
...
<== f-1     (g) CF 1.00 
...
<== f-2     (h) CF 1.00 
