TRUE
FuzzyCLIPS> (batch "memrycmd.bat")
TRUE
FuzzyCLIPS> (clear)
FuzzyCLIPS> (mem-used 10)
[ARGACCES4] Function mem-used expected exactly 0 argument(s)
FuzzyCLIPS> (mem-used)
53348 ;; Different number OK
FuzzyCLIPS> (mem-requests 20)
[ARGACCES4] Function mem-requests expected exactly 0 argument(s)
FuzzyCLIPS> (mem-requests)
2034 ;; Different number OK
FuzzyCLIPS> (release-mem 10)
[ARGACCES4] Function release-mem expected exactly 0 argument(s)
FuzzyCLIPS> (release-mem)
1332 ;; Different number OK
FuzzyCLIPS> (conserve-mem)
[ARGACCES4] Function conserve-mem expected exactly 1 argument(s)
FuzzyCLIPS> (conserve-mem on off)
[ARGACCES4] Function conserve-mem expected exactly 1 argument(s)
FuzzyCLIPS> (conserve-mem off)
FuzzyCLIPS> (defrule foo =>)
FuzzyCLIPS> (deftemplate foo)
FuzzyCLIPS> (deffacts foo)
FuzzyCLIPS> (defglobal ?*foo* = foo)
FuzzyCLIPS> (deffunction foo ())
FuzzyCLIPS> (defgeneric bar)
FuzzyCLIPS> (defmethod bar ())
FuzzyCLIPS> (defclass SNAFU (is-a USER) (role concrete))
FuzzyCLIPS> (definstances foo (x of SNAFU))
FuzzyCLIPS> (defmessage-handler SNAFU fubar ())
FuzzyCLIPS> (ppdefrule foo)
(defrule MAIN::foo
   =>)
FuzzyCLIPS> (ppdeftemplate foo)
(deftemplate MAIN::foo)
FuzzyCLIPS> (ppdefglobal foo)
(defglobal MAIN ?*foo* = foo)
FuzzyCLIPS> (ppdeffunction foo)
(deffunction MAIN::foo
   ())
FuzzyCLIPS> (ppdefgeneric bar)
(defgeneric MAIN::bar)
FuzzyCLIPS> (ppdefmethod bar 1)
(defmethod MAIN::bar
   ())
FuzzyCLIPS> (ppdefclass SNAFU)
(defclass MAIN::SNAFU
   (is-a USER)
   (role concrete))
FuzzyCLIPS> (ppdefinstances foo)
(definstances MAIN::foo
   (x of SNAFU))
FuzzyCLIPS> (ppdefmessage-handler SNAFU fubar)
(defmessage-handler MAIN::SNAFU fubar
   ())
FuzzyCLIPS> (conserve-mem on)
FuzzyCLIPS> (defrule foo =>)
FuzzyCLIPS> (deftemplate foo)
FuzzyCLIPS> (deffacts foo)
FuzzyCLIPS> (defglobal ?*foo* = foo)
FuzzyCLIPS> (deffunction foo ())
FuzzyCLIPS> (defgeneric bar)
FuzzyCLIPS> (defmethod bar ())
FuzzyCLIPS> (undefinstances foo)
FuzzyCLIPS> (defclass SNAFU (is-a USER) (role concrete))
FuzzyCLIPS> (definstances foo (x of SNAFU))
FuzzyCLIPS> (defmessage-handler SNAFU fubar ())
FuzzyCLIPS> (ppdefrule foo)
FuzzyCLIPS> (ppdeftemplate foo)
FuzzyCLIPS> (ppdefglobal foo)
FuzzyCLIPS> (ppdeffunction foo)
FuzzyCLIPS> (ppdefgeneric bar)
FuzzyCLIPS> (ppdefmethod bar 1)
FuzzyCLIPS> (ppdefclass SNAFU)
FuzzyCLIPS> (ppdefinstances foo)
FuzzyCLIPS> (ppdefmessage-handler SNAFU fubar)
FuzzyCLIPS> (conserve-mem off)
FuzzyCLIPS> (dribble-off)
