TRUE
FuzzyCLIPS> (batch "seqop.bat")
TRUE
FuzzyCLIPS> (defglobal ?*x* = (mv-append 1 2 3))
FuzzyCLIPS> (deffunction foo (?a ?b)
  (printout t "Foo arguments: " ?a " " ?b crlf))
FuzzyCLIPS> (batch "seqop2.bat")
TRUE
FuzzyCLIPS> (expand$ $?a)
[MISCFUN1] expand$ must be used in the argument list of a function call.
FALSE
FuzzyCLIPS> (deffunction boggle ($?a) (return $?a))
FuzzyCLIPS> (boggle 1 2 3)
(1 2 3)
FuzzyCLIPS> (progn $?a)
[EVALUATN1] Variable a is unbound
FALSE
FuzzyCLIPS> (while $?a do)
[EVALUATN1] Variable a is unbound
FALSE
FuzzyCLIPS> (if $?a then 1)
[EVALUATN1] Variable a is unbound
FALSE
FuzzyCLIPS> (eval "$?*x*")
[MISCFUN1] expand$ must be used in the argument list of a function call.
FALSE
FuzzyCLIPS> (defrule foo
  ?f<-(foo $?b)
=>
  (retract ?f)
  (printout t ?b crlf)
  (printout t $?b crlf))
FuzzyCLIPS> (assert (foo a b c))
<Fact-1>
FuzzyCLIPS> (run)
(a b c)
(a b c)
FuzzyCLIPS> (undeffunction boggle)
FuzzyCLIPS> (undefrule foo)
FuzzyCLIPS> (+ $?*x*)
[ARGACCES4] Function + expected at least 2 argument(s)
FuzzyCLIPS> (deffunction bar ($?a) (foo $?a))
[ARGACCES4] Function foo expected exactly 2 argument(s)

ERROR:
(deffunction MAIN::bar
   ($?a)
   (foo $?a)
FuzzyCLIPS> (bar 1 2)

[EXPRNPSR3] Missing function declaration for bar.
FuzzyCLIPS> (bar 1 2 3)

[EXPRNPSR3] Missing function declaration for bar.
FuzzyCLIPS> (set-sequence-operator-recognition TRUE)
FALSE
FuzzyCLIPS> (batch "seqop2.bat")
TRUE
FuzzyCLIPS> (expand$ $?a)
[EXPRNPSR4] $ Sequence operator not a valid argument for expand$.
FuzzyCLIPS> (deffunction boggle ($?a) (return $?a))
[EXPRNPSR4] $ Sequence operator not a valid argument for return.

ERROR:
(deffunction MAIN::boggle
   ($?a)
   (return $?a)
FuzzyCLIPS> (boggle 1 2 3)

[EXPRNPSR3] Missing function declaration for boggle.
FuzzyCLIPS> (progn $?a)
[EXPRNPSR4] $ Sequence operator not a valid argument for progn.
FuzzyCLIPS> (while $?a do)
[EXPRNPSR4] $ Sequence operator not a valid argument for while.
FuzzyCLIPS> (if $?a then 1)
[EXPRNPSR4] $ Sequence operator not a valid argument for if.
FuzzyCLIPS> (eval "$?*x*")
[MISCFUN1] expand$ must be used in the argument list of a function call.
FALSE
FuzzyCLIPS> (defrule foo
  ?f<-(foo $?b)
=>
  (retract ?f)
  (printout t ?b crlf)
  (printout t $?b crlf))
FuzzyCLIPS> (assert (foo a b c))
<Fact-2>
FuzzyCLIPS> (run)
(a b c)
abc
FuzzyCLIPS> (undeffunction boggle)
[PRNTUTIL1] Unable to find deffunction boggle.
FuzzyCLIPS> (undefrule foo)
FuzzyCLIPS> (+ $?*x*)
6
FuzzyCLIPS> (deffunction bar ($?a) (foo $?a))
FuzzyCLIPS> (bar 1 2)
Foo arguments: 1 2
FuzzyCLIPS> (bar 1 2 3)
[ARGACCES4] Function foo expected exactly 2 argument(s)
[PRCCODE4] Execution halted during the actions of deffunction bar.
FALSE
FuzzyCLIPS> (load seqop.clp)
%$#@&&**!~&
TRUE
FuzzyCLIPS> (watch all)
FuzzyCLIPS> (unwatch statistics)
FuzzyCLIPS> (unwatch focus)
FuzzyCLIPS> (reset)
MSG >> delete ED:1 (<Instance-initial-object>)
HND >> delete primary in class USER
       ED:1 (<Instance-initial-object>)
<== instance [initial-object] of INITIAL-OBJECT
HND << delete primary in class USER
       ED:1 (<Stale Instance-initial-object>)
MSG << delete ED:1 (<Stale Instance-initial-object>)
<== f-0     (initial-fact) CF 1.00 
:== ?*x* ==> (1 2 3) <== (1 2 3)
==> instance [initial-object] of INITIAL-OBJECT
MSG >> create ED:1 (<Instance-initial-object>)
HND >> create primary in class USER
       ED:1 (<Instance-initial-object>)
HND << create primary in class USER
       ED:1 (<Instance-initial-object>)
MSG << create ED:1 (<Instance-initial-object>)
MSG >> init ED:1 (<Instance-initial-object>)
HND >> init primary in class USER
       ED:1 (<Instance-initial-object>)
HND << init primary in class USER
       ED:1 (<Instance-initial-object>)
MSG << init ED:1 (<Instance-initial-object>)
==> instance [s1] of SEQOP-TEST-CLASS
MSG >> create ED:1 (<Instance-s1>)
HND >> create primary in class USER
       ED:1 (<Instance-s1>)
HND << create primary in class USER
       ED:1 (<Instance-s1>)
MSG << create ED:1 (<Instance-s1>)
MSG >> init ED:1 (<Instance-s1>)
HND >> init primary in class USER
       ED:1 (<Instance-s1>)
::= local slot woz in instance s1 <- (watch dog)
HND << init primary in class USER
       ED:1 (<Instance-s1>)
MSG << init ED:1 (<Instance-s1>)
==> f-0     (initial-fact) CF 1.00 
==> f-1     (fact (foo nil) (bar 1 2 3 4)) CF 1.00 
==> f-2     (flat-fact a b c d e) CF 1.00 
==> Activation 0      lhs-seqop-failure: f-1,f-2
GNC >> test-arg  ED:1 (1 2 3 4)
MTH >> test-arg:#1  ED:1 (1 2 3 4)
MTH << test-arg:#1  ED:1 (1 2 3 4)
GNC << test-arg  ED:1 (1 2 3 4)
GNC >> test-arg  ED:1 (b c d e)
MTH >> test-arg:#1  ED:1 (b c d e)
MTH << test-arg:#1  ED:1 (b c d e)
GNC << test-arg  ED:1 (b c d e)
==> Activation 10     lhs-seqop-success: f-1,f-2
FuzzyCLIPS> (run)
FIRE    1 lhs-seqop-success: f-1,f-2
<== f-1     (fact (foo nil) (bar 1 2 3 4)) CF 1.00 
<== Activation 0      lhs-seqop-failure: f-1,f-2
<== f-2     (flat-fact a b c d e) CF 1.00 
(abc def ghi) --> abcdefghi ; abcdefghi
Success:
(1 2 3 4) --> 1234
(b c d e) --> bcde
FuzzyCLIPS> (dfnx-seqop-test abc def ghi)
DFN >> dfnx-seqop-test ED:1 (abc def ghi)
(abc def ghi) --> abcdefghi ; abcdefghi
(def ghi) --> defghi
DFN << dfnx-seqop-test ED:1 (abc def ghi)
FuzzyCLIPS> (send [s1] seqop-test abc def ghi)
MSG >> seqop-test ED:1 (<Instance-s1> abc def ghi)
HND >> seqop-test primary in class SEQOP-TEST-CLASS
       ED:1 (<Instance-s1> abc def ghi)
(abc def ghi) --> abcdefghi ; abcdefghi
(def ghi) --> defghi
(watch dog) --> watchdog
==> instance [gen1] of SEQOP-TEST-CLASS
MSG >> create ED:2 (<Instance-gen1>)
HND >> create primary in class USER
       ED:2 (<Instance-gen1>)
HND << create primary in class USER
       ED:2 (<Instance-gen1>)
MSG << create ED:2 (<Instance-gen1>)
MSG >> put-woz ED:2 (<Instance-gen1> (watch dog) abc def ghi (watch dog))
HND >> put-woz primary in class SEQOP-TEST-CLASS
       ED:2 (<Instance-gen1> (watch dog) abc def ghi (watch dog))
::= local slot woz in instance gen1 <- (watch dog abc def ghi watch dog)
HND << put-woz primary in class SEQOP-TEST-CLASS
       ED:2 (<Instance-gen1> (watch dog) abc def ghi (watch dog))
MSG << put-woz ED:2 (<Instance-gen1> (watch dog) abc def ghi (watch dog))
MSG >> init ED:2 (<Instance-gen1>)
HND >> init primary in class USER
       ED:2 (<Instance-gen1>)
HND << init primary in class USER
       ED:2 (<Instance-gen1>)
MSG << init ED:2 (<Instance-gen1>)
MSG >> get-woz ED:2 (<Instance-gen1>)
HND >> get-woz primary in class SEQOP-TEST-CLASS
       ED:2 (<Instance-gen1>)
HND << get-woz primary in class SEQOP-TEST-CLASS
       ED:2 (<Instance-gen1>)
MSG << get-woz ED:2 (<Instance-gen1>)
(watch dog abc def ghi watch dog)
HND << seqop-test primary in class SEQOP-TEST-CLASS
       ED:1 (<Instance-s1> abc def ghi)
MSG << seqop-test ED:1 (<Instance-s1> abc def ghi)
FuzzyCLIPS> (+ "abc" "def" "ghi")
GNC >> +  ED:1 ("abc" "def" "ghi")
MTH >> +:#2  ED:1 ("abc" "def" "ghi")
(abc def ghi) --> abcdefghi ; abcdefghi
("abc" "def" "ghi") --> abcdefghi
MTH << +:#2  ED:1 ("abc" "def" "ghi")
GNC << +  ED:1 ("abc" "def" "ghi")
"abcdefghi"
FuzzyCLIPS> (unwatch all)
FuzzyCLIPS> (dribble-off)
