TRUE
FuzzyCLIPS> (batch "tceplace.bat")
TRUE
FuzzyCLIPS> (load "tceplace.clp")
**********
TRUE
FuzzyCLIPS> (reset)
FuzzyCLIPS> (assert (a) (d) (e) (f) (g) (h) (i) (j) (k) (l))
<Fact-10>
FuzzyCLIPS> (agenda) ; should be foo2 foo10
7      foo2: f-2,*
3      foo10: f-10,*
For a total of 2 activations.
FuzzyCLIPS> (assert (b))
<Fact-11>
FuzzyCLIPS> (agenda) ; should be foo2 foo10
7      foo2: f-2,*
3      foo10: f-10,*
For a total of 2 activations.
FuzzyCLIPS> (assert (c))
<Fact-12>
FuzzyCLIPS> (agenda) ; should be foo1 foo2 foo5 foo10
9      foo1: f-1,*
7      foo2: f-2,*
5      foo5: f-5,*
3      foo10: f-10,*
For a total of 4 activations.
FuzzyCLIPS> (dribble-off)
