TRUE
FuzzyCLIPS> (batch "v610fun.bat")
TRUE
FuzzyCLIPS> (clear)                          
FuzzyCLIPS> (sort)
[ARGACCES4] Function sort expected at least 1 argument(s)
FuzzyCLIPS> (sort 8)
[ARGACCES5] Function sort expected argument #1 to be of type symbol
FuzzyCLIPS> (sort 8.1)
[ARGACCES5] Function sort expected argument #1 to be of type symbol
FuzzyCLIPS> (sort a)
[ARGACCES5] Function sort expected argument #1 to be of type function name, deffunction name, or defgeneric name
FALSE
FuzzyCLIPS> (sort "a")
[ARGACCES5] Function sort expected argument #1 to be of type symbol
FuzzyCLIPS> (sort [a])
[ARGACCES5] Function sort expected argument #1 to be of type symbol
FuzzyCLIPS> (sort >)
()
FuzzyCLIPS> (sort > 3 2 5 1 2)
(1 2 2 3 5)
FuzzyCLIPS> (sort agenda 3 2 5 1 2)
[ARGACCES5] Function sort expected argument #1 to be of type function name expecting two arguments
FALSE
FuzzyCLIPS> 
(deffunction str> (?a ?b)
   (> (str-compare ?a ?b) 0))
FuzzyCLIPS> (sort str> ax aa dj ce bx)
(aa ax bx ce dj)
FuzzyCLIPS> 
(deffunction three (?a ?b ?c)
   (> ?a ?b ?c))
FuzzyCLIPS> (sort three 4 8 2 5 3)
[ARGACCES5] Function sort expected argument #1 to be of type deffunction name expecting two arguments
FALSE
FuzzyCLIPS> (clear)
FuzzyCLIPS> (get-class-defaults-mode)
convenience
FuzzyCLIPS> (get-class-defaults-mode 10)
[ARGACCES4] Function get-class-defaults-mode expected exactly 0 argument(s)
FuzzyCLIPS> (set-class-defaults-mode)
[ARGACCES4] Function set-class-defaults-mode expected exactly 1 argument(s)
FuzzyCLIPS> (set-class-defaults-mode 10)
[ARGACCES5] Function set-class-defaults-mode expected argument #1 to be of type symbol
FuzzyCLIPS> (set-class-defaults-mode symbol)
[ARGACCES5] Function set-class-defaults-mode expected argument #1 to be of type symbol with value conservation or convenience
convenience
FuzzyCLIPS> (set-class-defaults-mode conservation x)
[ARGACCES4] Function set-class-defaults-mode expected exactly 1 argument(s)
FuzzyCLIPS> (defclass A (is-a USER) (slot x))
FuzzyCLIPS> (describe-class A)
================================================================================
********************************************************************************
Concrete: direct instances of this class can be created.
Reactive: direct instances of this class can match defrule patterns.

Direct Superclasses: USER
Inheritance Precedence: A USER OBJECT
Direct Subclasses:
--------------------------------------------------------------------------------
SLOTS : FLD DEF PRP ACC STO MCH SRC VIS CRT OVRD-MSG SOURCE(S)
x     : SGL STC INH RW  LCL RCT EXC PRV RW  put-x    A

Constraint information for slots:

SLOTS : SYM STR INN INA EXA FTA INT FLT
x     :  +   +   +   +   +   +   +   +  RNG:[-oo..+oo] 
--------------------------------------------------------------------------------
Recognized message-handlers:
init primary in class USER
delete primary in class USER
create primary in class USER
print primary in class USER
direct-modify primary in class USER
message-modify primary in class USER
direct-duplicate primary in class USER
message-duplicate primary in class USER
get-x primary in class A
put-x primary in class A
********************************************************************************
================================================================================
FuzzyCLIPS> (set-class-defaults-mode conservation)
convenience
FuzzyCLIPS> (get-class-defaults-mode)
conservation
FuzzyCLIPS> (defclass B (is-a USER) (slot x))
FuzzyCLIPS> (describe-class B)
================================================================================
********************************************************************************
Abstract: direct instances of this class cannot be created.

Direct Superclasses: USER
Inheritance Precedence: B USER OBJECT
Direct Subclasses:
--------------------------------------------------------------------------------
SLOTS : FLD DEF PRP ACC STO MCH SRC VIS CRT OVRD-MSG SOURCE(S)
x     : SGL STC INH RW  LCL RCT EXC PRV NIL put-x    B

Constraint information for slots:

SLOTS : SYM STR INN INA EXA FTA INT FLT
x     :  +   +   +   +   +   +   +   +  RNG:[-oo..+oo] 
--------------------------------------------------------------------------------
Recognized message-handlers:
init primary in class USER
delete primary in class USER
create primary in class USER
print primary in class USER
direct-modify primary in class USER
message-modify primary in class USER
direct-duplicate primary in class USER
message-duplicate primary in class USER
********************************************************************************
================================================================================
FuzzyCLIPS> (set-class-defaults-mode convenience)
conservation
FuzzyCLIPS> (get-class-defaults-mode)
convenience
FuzzyCLIPS> (dribble-off)
